[iterate] running codegen --force...
[iterate] codegen done emitted=92
[iterate] building...
[iterate] build exit=0 errors=0 exe=96727328
[iterate] boot test (60s, trap interposer ON)...
[iterate] boot done
=== NEW missing functions this pass (declare these next) ===
=== count: 0 ===
=== boot progress tail ===
[2026-06-30 07:32:22.223] [info] [core] [t3237] * shaderClipDistance
[2026-06-30 07:32:22.223] [info] [core] [t3237] * shaderCullDistance
[2026-06-30 07:32:22.223] [info] [core] [t3237] * shaderDemoteToHelperInvocation
[2026-06-30 07:32:22.223] [info] [core] [t3237] * dynamicRendering
[2026-06-30 07:32:22.223] [info] [core] [t3237] * shaderSampleRateInterpolationFunctions
[2026-06-30 07:32:22.223] [info] [core] [t3237] * shaderSignedZeroInfNanPreserveFloat32: 1
[2026-06-30 07:32:22.223] [info] [core] [t3237] * shaderDenormFlushToZeroFloat32: 1
[2026-06-30 07:32:22.223] [info] [core] [t3237] * shaderRoundingModeRTEFloat32: 1
[2026-06-30 07:32:22.223] [info] [core] [t3237] * fragmentShaderSampleInterlock
[2026-06-30 07:32:22.223] [info] [core] [t3237] * fragmentShaderPixelInterlock
[2026-06-30 07:32:22.291] [info] [core] [t3237] VulkanPresenter: Created 1280x720 swapchain with format 44, color space 0, presentation mode 0
[2026-06-30 07:32:22.746] [info] [sys] [t3237] GPU system initialized (presentation=true)
[2026-06-30 07:32:23.763] [info] [core] [t3237] VulkanPresenter: Created 1280x752 swapchain with format 44, color space 0, presentation mode 0
[2026-06-30 07:32:23.768] [info] [sys] [t3237] KernelState: Preparing module launch...
[2026-06-30 07:32:23.769] [info] [core] [t3237] Initializing shader storage for title 45410809...
[2026-06-30 07:32:23.822] [info] [gpu] [t3252] Creating graphics pipeline state with VS 0A6D1DD7767FDF27
[2026-06-30 07:32:23.888] [info] [gpu] [t3254] Creating graphics pipeline state with VS 0A6D1DD7767FDF27, PS 2E372EA28CC404B7
[2026-06-30 07:32:23.906] [warning] [gpu] [t3252] Skipping Vulkan frame presentation due to async placeholder draw usage in this frame
[2026-06-30 08:10:34.035] [info] [core] [t3237] VulkanPresenter: Created 634x792 swapchain with format 44, color space 0, presentation mode 0
[2026-06-30 15:03:43.204] [info] [core] [t3237] VulkanPresenter: Created 1272x792 swapchain with format 44, color space 0, presentation mode 0
[iterate] DONE
